Archive member included to satisfy reference by file (symbol)

c:/users/a/desktop/a/stm32c~1.0/clion_~1/102021~1.10/bin/../lib/gcc/arm-none-eabi/10.3.1/../../../../arm-none-eabi/lib/thumb/v7-m/nofp\libg.a(lib_a-errno.o)
                              CMakeFiles/bb.elf.dir/Core/Src/syscalls.c.obj (__errno)
c:/users/a/desktop/a/stm32c~1.0/clion_~1/102021~1.10/bin/../lib/gcc/arm-none-eabi/10.3.1/../../../../arm-none-eabi/lib/thumb/v7-m/nofp\libg.a(lib_a-exit.o)
                              c:/users/a/desktop/a/stm32c~1.0/clion_~1/102021~1.10/bin/../lib/gcc/arm-none-eabi/10.3.1/../../../../arm-none-eabi/lib/thumb/v7-m/nofp/crt0.o (exit)
c:/users/a/desktop/a/stm32c~1.0/clion_~1/102021~1.10/bin/../lib/gcc/arm-none-eabi/10.3.1/../../../../arm-none-eabi/lib/thumb/v7-m/nofp\libg.a(lib_a-impure.o)
                              c:/users/a/desktop/a/stm32c~1.0/clion_~1/102021~1.10/bin/../lib/gcc/arm-none-eabi/10.3.1/../../../../arm-none-eabi/lib/thumb/v7-m/nofp\libg.a(lib_a-exit.o) (_global_impure_ptr)
c:/users/a/desktop/a/stm32c~1.0/clion_~1/102021~1.10/bin/../lib/gcc/arm-none-eabi/10.3.1/../../../../arm-none-eabi/lib/thumb/v7-m/nofp\libg.a(lib_a-init.o)
                              c:/users/a/desktop/a/stm32c~1.0/clion_~1/102021~1.10/bin/../lib/gcc/arm-none-eabi/10.3.1/../../../../arm-none-eabi/lib/thumb/v7-m/nofp/crt0.o (__libc_init_array)
c:/users/a/desktop/a/stm32c~1.0/clion_~1/102021~1.10/bin/../lib/gcc/arm-none-eabi/10.3.1/../../../../arm-none-eabi/lib/thumb/v7-m/nofp\libg.a(lib_a-memset.o)
                              c:/users/a/desktop/a/stm32c~1.0/clion_~1/102021~1.10/bin/../lib/gcc/arm-none-eabi/10.3.1/../../../../arm-none-eabi/lib/thumb/v7-m/nofp/crt0.o (memset)
c:/users/a/desktop/a/stm32c~1.0/clion_~1/102021~1.10/bin/../lib/gcc/arm-none-eabi/10.3.1/../../../../arm-none-eabi/lib/thumb/v7-m/nofp\libg.a(lib_a-__call_atexit.o)
                              c:/users/a/desktop/a/stm32c~1.0/clion_~1/102021~1.10/bin/../lib/gcc/arm-none-eabi/10.3.1/../../../../arm-none-eabi/lib/thumb/v7-m/nofp\libg.a(lib_a-exit.o) (__call_exitprocs)
c:/users/a/desktop/a/stm32c~1.0/clion_~1/102021~1.10/bin/../lib/gcc/arm-none-eabi/10.3.1/../../../../arm-none-eabi/lib/thumb/v7-m/nofp\libg.a(lib_a-atexit.o)
                              c:/users/a/desktop/a/stm32c~1.0/clion_~1/102021~1.10/bin/../lib/gcc/arm-none-eabi/10.3.1/../../../../arm-none-eabi/lib/thumb/v7-m/nofp\libg.a(lib_a-__call_atexit.o) (atexit)
c:/users/a/desktop/a/stm32c~1.0/clion_~1/102021~1.10/bin/../lib/gcc/arm-none-eabi/10.3.1/../../../../arm-none-eabi/lib/thumb/v7-m/nofp\libg.a(lib_a-fini.o)
                              c:/users/a/desktop/a/stm32c~1.0/clion_~1/102021~1.10/bin/../lib/gcc/arm-none-eabi/10.3.1/../../../../arm-none-eabi/lib/thumb/v7-m/nofp\libg.a(lib_a-__call_atexit.o) (__libc_fini_array)
c:/users/a/desktop/a/stm32c~1.0/clion_~1/102021~1.10/bin/../lib/gcc/arm-none-eabi/10.3.1/../../../../arm-none-eabi/lib/thumb/v7-m/nofp\libg.a(lib_a-lock.o)
                              c:/users/a/desktop/a/stm32c~1.0/clion_~1/102021~1.10/bin/../lib/gcc/arm-none-eabi/10.3.1/../../../../arm-none-eabi/lib/thumb/v7-m/nofp\libg.a(lib_a-__call_atexit.o) (__retarget_lock_acquire_recursive)
c:/users/a/desktop/a/stm32c~1.0/clion_~1/102021~1.10/bin/../lib/gcc/arm-none-eabi/10.3.1/../../../../arm-none-eabi/lib/thumb/v7-m/nofp\libg.a(lib_a-__atexit.o)
                              c:/users/a/desktop/a/stm32c~1.0/clion_~1/102021~1.10/bin/../lib/gcc/arm-none-eabi/10.3.1/../../../../arm-none-eabi/lib/thumb/v7-m/nofp\libg.a(lib_a-atexit.o) (__register_exitproc)

Discarded input sections

 .text          0x00000000        0x0 c:/users/a/desktop/a/stm32c~1.0/clion_~1/102021~1.10/bin/../lib/gcc/arm-none-eabi/10.3.1/thumb/v7-m/nofp/crti.o
 .data          0x00000000        0x0 c:/users/a/desktop/a/stm32c~1.0/clion_~1/102021~1.10/bin/../lib/gcc/arm-none-eabi/10.3.1/thumb/v7-m/nofp/crti.o
 .bss           0x00000000        0x0 c:/users/a/desktop/a/stm32c~1.0/clion_~1/102021~1.10/bin/../lib/gcc/arm-none-eabi/10.3.1/thumb/v7-m/nofp/crti.o
 .text          0x00000000       0x40 c:/users/a/desktop/a/stm32c~1.0/clion_~1/102021~1.10/bin/../lib/gcc/arm-none-eabi/10.3.1/thumb/v7-m/nofp/crtbegin.o
 .data          0x00000000        0x4 c:/users/a/desktop/a/stm32c~1.0/clion_~1/102021~1.10/bin/../lib/gcc/arm-none-eabi/10.3.1/thumb/v7-m/nofp/crtbegin.o
 .bss           0x00000000       0x1c c:/users/a/desktop/a/stm32c~1.0/clion_~1/102021~1.10/bin/../lib/gcc/arm-none-eabi/10.3.1/thumb/v7-m/nofp/crtbegin.o
 .rodata        0x00000000       0x24 c:/users/a/desktop/a/stm32c~1.0/clion_~1/102021~1.10/bin/../lib/gcc/arm-none-eabi/10.3.1/thumb/v7-m/nofp/crtbegin.o
 .init_array    0x00000000        0x4 c:/users/a/desktop/a/stm32c~1.0/clion_~1/102021~1.10/bin/../lib/gcc/arm-none-eabi/10.3.1/thumb/v7-m/nofp/crtbegin.o
 .fini_array    0x00000000        0x4 c:/users/a/desktop/a/stm32c~1.0/clion_~1/102021~1.10/bin/../lib/gcc/arm-none-eabi/10.3.1/thumb/v7-m/nofp/crtbegin.o
[...]
Memory Configuration

Name             Origin             Length             Attributes
RAM              0x20000000         0x00005000         xrw
FLASH            0x08000000         0x00010000         xr
*default*        0x00000000         0xffffffff

Linker script and memory map

LOAD c:/users/a/desktop/a/stm32c~1.0/clion_~1/102021~1.10/bin/../lib/gcc/arm-none-eabi/10.3.1/thumb/v7-m/nofp/crti.o
LOAD c:/users/a/desktop/a/stm32c~1.0/clion_~1/102021~1.10/bin/../lib/gcc/arm-none-eabi/10.3.1/thumb/v7-m/nofp/crtbegin.o
LOAD c:/users/a/desktop/a/stm32c~1.0/clion_~1/102021~1.10/bin/../lib/gcc/arm-none-eabi/10.3.1/../../../../arm-none-eabi/lib/thumb/v7-m/nofp/crt0.o
LOAD CMakeFiles/bb.elf.dir/Core/Src/gpio.c.obj
LOAD CMakeFiles/bb.elf.dir/Core/Src/main.c.obj
LOAD CMakeFiles/bb.elf.dir/Core/Src/stm32f1xx_hal_msp.c.obj
LOAD CMakeFiles/bb.elf.dir/Core/Src/stm32f1xx_it.c.obj
LOAD CMakeFiles/bb.elf.dir/Core/Src/syscalls.c.obj
LOAD CMakeFiles/bb.elf.dir/Core/Src/sysmem.c.obj
LOAD CMakeFiles/bb.elf.dir/Core/Src/system_stm32f1xx.c.obj
LOAD CMakeFiles/bb.elf.dir/Core/Src/tim.c.obj
LOAD CMakeFiles/bb.elf.dir/Core/Startup/startup_stm32f103c8tx.s.obj
LOAD CMakeFiles/bb.elf.dir/Drivers/STM32F1xx_HAL_Driver/Src/stm32f1xx_hal.c.obj
LOAD CMakeFiles/bb.elf.dir/Drivers/STM32F1xx_HAL_Driver/Src/stm32f1xx_hal_cortex.c.obj
LOAD CMakeFiles/bb.elf.dir/Drivers/STM32F1xx_HAL_Driver/Src/stm32f1xx_hal_dma.c.obj
LOAD CMakeFiles/bb.elf.dir/Drivers/STM32F1xx_HAL_Driver/Src/stm32f1xx_hal_exti.c.obj
LOAD CMakeFiles/bb.elf.dir/Drivers/STM32F1xx_HAL_Driver/Src/stm32f1xx_hal_flash.c.obj
LOAD CMakeFiles/bb.elf.dir/Drivers/STM32F1xx_HAL_Driver/Src/stm32f1xx_hal_flash_ex.c.obj
LOAD CMakeFiles/bb.elf.dir/Drivers/STM32F1xx_HAL_Driver/Src/stm32f1xx_hal_gpio.c.obj
LOAD CMakeFiles/bb.elf.dir/Drivers/STM32F1xx_HAL_Driver/Src/stm32f1xx_hal_gpio_ex.c.obj
LOAD CMakeFiles/bb.elf.dir/Drivers/STM32F1xx_HAL_Driver/Src/stm32f1xx_hal_pwr.c.obj
LOAD CMakeFiles/bb.elf.dir/Drivers/STM32F1xx_HAL_Driver/Src/stm32f1xx_hal_rcc.c.obj
LOAD CMakeFiles/bb.elf.dir/Drivers/STM32F1xx_HAL_Driver/Src/stm32f1xx_hal_rcc_ex.c.obj
LOAD CMakeFiles/bb.elf.dir/Drivers/STM32F1xx_HAL_Driver/Src/stm32f1xx_hal_tim.c.obj
LOAD CMakeFiles/bb.elf.dir/Drivers/STM32F1xx_HAL_Driver/Src/stm32f1xx_hal_tim_ex.c.obj
START GROUP
LOAD c:/users/a/desktop/a/stm32c~1.0/clion_~1/102021~1.10/bin/../lib/gcc/arm-none-eabi/10.3.1/thumb/v7-m/nofp\libgcc.a
LOAD c:/users/a/desktop/a/stm32c~1.0/clion_~1/102021~1.10/bin/../lib/gcc/arm-none-eabi/10.3.1/../../../../arm-none-eabi/lib/thumb/v7-m/nofp\libg.a
LOAD c:/users/a/desktop/a/stm32c~1.0/clion_~1/102021~1.10/bin/../lib/gcc/arm-none-eabi/10.3.1/../../../../arm-none-eabi/lib/thumb/v7-m/nofp\libc.a
END GROUP
LOAD c:/users/a/desktop/a/stm32c~1.0/clion_~1/102021~1.10/bin/../lib/gcc/arm-none-eabi/10.3.1/thumb/v7-m/nofp/crtend.o
LOAD c:/users/a/desktop/a/stm32c~1.0/clion_~1/102021~1.10/bin/../lib/gcc/arm-none-eabi/10.3.1/thumb/v7-m/nofp/crtn.o
                0x20005000                _estack = (ORIGIN (RAM) + LENGTH (RAM))
                0x00000200                _Min_Heap_Size = 0x200
                0x00000400                _Min_Stack_Size = 0x400

.isr_vector     0x08000000      0x10c
                0x08000000                . = ALIGN (0x4)
 *(.isr_vector)
 .isr_vector    0x08000000      0x10c CMakeFiles/bb.elf.dir/Core/Startup/startup_stm32f103c8tx.s.obj
                0x08000000                g_pfnVectors
                0x0800010c                . = ALIGN (0x4)

.text           0x0800010c     0x13f0
                0x0800010c                . = ALIGN (0x4)
 *(.text)
 *(.text*)
 .text.MX_GPIO_Init
                0x0800010c       0xa4 CMakeFiles/bb.elf.dir/Core/Src/gpio.c.obj
                0x0800010c                MX_GPIO_Init
 .text.HAL_GPIO_EXTI_Callback
                0x080001b0       0x34 CMakeFiles/bb.elf.dir/Core/Src/main.c.obj
                0x080001b0                HAL_GPIO_EXTI_Callback
 .text.Error_Handler
                0x080001e4        0x4 CMakeFiles/bb.elf.dir/Core/Src/main.c.obj
                0x080001e4                Error_Handler
 .text.SystemClock_Config
                0x080001e8       0x64 CMakeFiles/bb.elf.dir/Core/Src/main.c.obj
                0x080001e8                SystemClock_Config
 .text.main     0x0800024c       0x14 CMakeFiles/bb.elf.dir/Core/Src/main.c.obj
                0x0800024c                main
 .text.HAL_MspInit
                0x08000260       0x68 CMakeFiles/bb.elf.dir/Core/Src/stm32f1xx_hal_msp.c.obj
                0x08000260                HAL_MspInit
 .text.NMI_Handler
                0x080002c8        0x2 CMakeFiles/bb.elf.dir/Core/Src/stm32f1xx_it.c.obj
                0x080002c8                NMI_Handler
 .text.HardFault_Handler
                0x080002ca        0x2 CMakeFiles/bb.elf.dir/Core/Src/stm32f1xx_it.c.obj
                0x080002ca                HardFault_Handler
 .text.MemManage_Handler
                0x080002cc        0x2 CMakeFiles/bb.elf.dir/Core/Src/stm32f1xx_it.c.obj
                0x080002cc                MemManage_Handler
 .text.BusFault_Handler
                0x080002ce        0x2 CMakeFiles/bb.elf.dir/Core/Src/stm32f1xx_it.c.obj
                0x080002ce                BusFault_Handler
 .text.UsageFault_Handler
                0x080002d0        0x2 CMakeFiles/bb.elf.dir/Core/Src/stm32f1xx_it.c.obj
                0x080002d0                UsageFault_Handler
 .text.SVC_Handler
                0x080002d2        0x2 CMakeFiles/bb.elf.dir/Core/Src/stm32f1xx_it.c.obj
                0x080002d2                SVC_Handler
 .text.DebugMon_Handler
                0x080002d4        0x2 CMakeFiles/bb.elf.dir/Core/Src/stm32f1xx_it.c.obj
                0x080002d4                DebugMon_Handler
 .text.PendSV_Handler
                0x080002d6        0x2 CMakeFiles/bb.elf.dir/Core/Src/stm32f1xx_it.c.obj
                0x080002d6                PendSV_Handler
 .text.SysTick_Handler
                0x080002d8        0x8 CMakeFiles/bb.elf.dir/Core/Src/stm32f1xx_it.c.obj
                0x080002d8                SysTick_Handler
 .text.FLASH_IRQHandler
                0x080002e0        0x8 CMakeFiles/bb.elf.dir/Core/Src/stm32f1xx_it.c.obj
                0x080002e0                FLASH_IRQHandler
 .text.RCC_IRQHandler
                0x080002e8        0x2 CMakeFiles/bb.elf.dir/Core/Src/stm32f1xx_it.c.obj
                0x080002e8                RCC_IRQHandler
 .text.EXTI3_IRQHandler
                0x080002ea        0xa CMakeFiles/bb.elf.dir/Core/Src/stm32f1xx_it.c.obj
                0x080002ea                EXTI3_IRQHandler
 .text.TIM3_IRQHandler
                0x080002f4       0x10 CMakeFiles/bb.elf.dir/Core/Src/stm32f1xx_it.c.obj
                0x080002f4                TIM3_IRQHandler
 .text.SystemInit
                0x08000304        0x2 CMakeFiles/bb.elf.dir/Core/Src/system_stm32f1xx.c.obj
                0x08000304                SystemInit
 *fill*         0x08000306        0x2 
 .text.MX_TIM3_Init
                0x08000308       0x70 CMakeFiles/bb.elf.dir/Core/Src/tim.c.obj
                0x08000308                MX_TIM3_Init
 .text.HAL_TIM_Base_MspInit
                0x08000378       0x40 CMakeFiles/bb.elf.dir/Core/Src/tim.c.obj
                0x08000378                HAL_TIM_Base_MspInit
 .text.Reset_Handler
                0x080003b8       0x48 CMakeFiles/bb.elf.dir/Core/Startup/startup_stm32f103c8tx.s.obj
                0x080003b8                Reset_Handler
 .text.Default_Handler
                0x08000400        0x2 CMakeFiles/bb.elf.dir/Core/Startup/startup_stm32f103c8tx.s.obj
                0x08000400                RTC_Alarm_IRQHandler
                0x08000400                EXTI2_IRQHandler
                0x08000400                TIM1_CC_IRQHandler
                0x08000400                PVD_IRQHandler
                0x08000400                EXTI0_IRQHandler
                0x08000400                I2C2_EV_IRQHandler
                0x08000400                ADC1_2_IRQHandler
                0x08000400                SPI1_IRQHandler
                0x08000400                TAMPER_IRQHandler
                0x08000400                DMA1_Channel4_IRQHandler
                0x08000400                USART3_IRQHandler
                0x08000400                RTC_IRQHandler
                0x08000400                DMA1_Channel7_IRQHandler
                0x08000400                CAN1_RX1_IRQHandler
                0x08000400                TIM4_IRQHandler
                0x08000400                I2C1_EV_IRQHandler
                0x08000400                DMA1_Channel6_IRQHandler
                0x08000400                TIM1_TRG_COM_IRQHandler
                0x08000400                DMA1_Channel1_IRQHandler
                0x08000400                Default_Handler
                0x08000400                EXTI15_10_IRQHandler
                0x08000400                EXTI9_5_IRQHandler
                0x08000400                SPI2_IRQHandler
                0x08000400                DMA1_Channel5_IRQHandler
                0x08000400                EXTI4_IRQHandler
                0x08000400                USB_LP_CAN1_RX0_IRQHandler
                0x08000400                USB_HP_CAN1_TX_IRQHandler
                0x08000400                DMA1_Channel3_IRQHandler
                0x08000400                TIM1_UP_IRQHandler
                0x08000400                WWDG_IRQHandler
                0x08000400                TIM2_IRQHandler
                0x08000400                TIM1_BRK_IRQHandler
                0x08000400                EXTI1_IRQHandler
                0x08000400                USART2_IRQHandler
                0x08000400                I2C2_ER_IRQHandler
                0x08000400                DMA1_Channel2_IRQHandler
                0x08000400                CAN1_SCE_IRQHandler
                0x08000400                USART1_IRQHandler
                0x08000400                I2C1_ER_IRQHandler
                0x08000400                USBWakeUp_IRQHandler
 *fill*         0x08000402        0x2 
 .text.HAL_InitTick
                0x08000404       0x4c CMakeFiles/bb.elf.dir/Drivers/STM32F1xx_HAL_Driver/Src/stm32f1xx_hal.c.obj
                0x08000404                HAL_InitTick
 .text.HAL_Init
                0x08000450       0x24 CMakeFiles/bb.elf.dir/Drivers/STM32F1xx_HAL_Driver/Src/stm32f1xx_hal.c.obj
                0x08000450                HAL_Init
 .text.HAL_IncTick
                0x08000474       0x18 CMakeFiles/bb.elf.dir/Drivers/STM32F1xx_HAL_Driver/Src/stm32f1xx_hal.c.obj
                0x08000474                HAL_IncTick
 .text.HAL_GetTick
                0x0800048c        0xc CMakeFiles/bb.elf.dir/Drivers/STM32F1xx_HAL_Driver/Src/stm32f1xx_hal.c.obj
                0x0800048c                HAL_GetTick
 .text.HAL_NVIC_SetPriorityGrouping
                0x08000498       0x24 CMakeFiles/bb.elf.dir/Drivers/STM32F1xx_HAL_Driver/Src/stm32f1xx_hal_cortex.c.obj
                0x08000498                HAL_NVIC_SetPriorityGrouping
 .text.HAL_NVIC_SetPriority
                0x080004bc       0x70 CMakeFiles/bb.elf.dir/Drivers/STM32F1xx_HAL_Driver/Src/stm32f1xx_hal_cortex.c.obj
                0x080004bc                HAL_NVIC_SetPriority
 .text.HAL_NVIC_EnableIRQ
                0x0800052c       0x1c CMakeFiles/bb.elf.dir/Drivers/STM32F1xx_HAL_Driver/Src/stm32f1xx_hal_cortex.c.obj
                0x0800052c                HAL_NVIC_EnableIRQ
 .text.HAL_SYSTICK_Config
                0x08000548       0x28 CMakeFiles/bb.elf.dir/Drivers/STM32F1xx_HAL_Driver/Src/stm32f1xx_hal_cortex.c.obj
                0x08000548                HAL_SYSTICK_Config
 .text.FLASH_Program_HalfWord
                0x08000570       0x1c CMakeFiles/bb.elf.dir/Drivers/STM32F1xx_HAL_Driver/Src/stm32f1xx_hal_flash.c.obj
 .text.FLASH_SetErrorCode
                0x0800058c       0x70 CMakeFiles/bb.elf.dir/Drivers/STM32F1xx_HAL_Driver/Src/stm32f1xx_hal_flash.c.obj
 .text.HAL_FLASH_EndOfOperationCallback
                0x080005fc        0x2 CMakeFiles/bb.elf.dir/Drivers/STM32F1xx_HAL_Driver/Src/stm32f1xx_hal_flash.c.obj
                0x080005fc                HAL_FLASH_EndOfOperationCallback
 .text.HAL_FLASH_OperationErrorCallback
                0x080005fe        0x2 CMakeFiles/bb.elf.dir/Drivers/STM32F1xx_HAL_Driver/Src/stm32f1xx_hal_flash.c.obj
                0x080005fe                HAL_FLASH_OperationErrorCallback
 .text.HAL_FLASH_IRQHandler
                0x08000600      0x150 CMakeFiles/bb.elf.dir/Drivers/STM32F1xx_HAL_Driver/Src/stm32f1xx_hal_flash.c.obj
                0x08000600                HAL_FLASH_IRQHandler
 .text.FLASH_PageErase
                0x08000750       0x24 CMakeFiles/bb.elf.dir/Drivers/STM32F1xx_HAL_Driver/Src/stm32f1xx_hal_flash_ex.c.obj
                0x08000750                FLASH_PageErase
 .text.HAL_GPIO_Init
                0x08000774      0x224 CMakeFiles/bb.elf.dir/Drivers/STM32F1xx_HAL_Driver/Src/stm32f1xx_hal_gpio.c.obj
                0x08000774                HAL_GPIO_Init
 .text.HAL_GPIO_WritePin
                0x08000998        0xc CMakeFiles/bb.elf.dir/Drivers/STM32F1xx_HAL_Driver/Src/stm32f1xx_hal_gpio.c.obj
                0x08000998                HAL_GPIO_WritePin
 .text.HAL_GPIO_TogglePin
                0x080009a4       0x12 CMakeFiles/bb.elf.dir/Drivers/STM32F1xx_HAL_Driver/Src/stm32f1xx_hal_gpio.c.obj
                0x080009a4                HAL_GPIO_TogglePin
 *fill*         0x080009b6        0x2 
 .text.HAL_GPIO_EXTI_IRQHandler
                0x080009b8       0x1c CMakeFiles/bb.elf.dir/Drivers/STM32F1xx_HAL_Driver/Src/stm32f1xx_hal_gpio.c.obj
                0x080009b8                HAL_GPIO_EXTI_IRQHandler
 .text.RCC_Delay
                0x080009d4       0x2c CMakeFiles/bb.elf.dir/Drivers/STM32F1xx_HAL_Driver/Src/stm32f1xx_hal_rcc.c.obj
 .text.HAL_RCC_OscConfig
                0x08000a00      0x410 CMakeFiles/bb.elf.dir/Drivers/STM32F1xx_HAL_Driver/Src/stm32f1xx_hal_rcc.c.obj
                0x08000a00                HAL_RCC_OscConfig
 .text.HAL_RCC_GetSysClockFreq
                0x08000e10       0x54 CMakeFiles/bb.elf.dir/Drivers/STM32F1xx_HAL_Driver/Src/stm32f1xx_hal_rcc.c.obj
                0x08000e10                HAL_RCC_GetSysClockFreq
 .text.HAL_RCC_ClockConfig
                0x08000e64      0x16c CMakeFiles/bb.elf.dir/Drivers/STM32F1xx_HAL_Driver/Src/stm32f1xx_hal_rcc.c.obj
                0x08000e64                HAL_RCC_ClockConfig
 .text.TIM_TI1_ConfigInputStage
                0x08000fd0       0x24 CMakeFiles/bb.elf.dir/Drivers/STM32F1xx_HAL_Driver/Src/stm32f1xx_hal_tim.c.obj
 .text.TIM_TI2_ConfigInputStage
                0x08000ff4       0x26 CMakeFiles/bb.elf.dir/Drivers/STM32F1xx_HAL_Driver/Src/stm32f1xx_hal_tim.c.obj
 .text.TIM_ITRx_SetConfig
                0x0800101a       0x10 CMakeFiles/bb.elf.dir/Drivers/STM32F1xx_HAL_Driver/Src/stm32f1xx_hal_tim.c.obj
 .text.HAL_TIM_PeriodElapsedCallback
                0x0800102a        0x2 CMakeFiles/bb.elf.dir/Drivers/STM32F1xx_HAL_Driver/Src/stm32f1xx_hal_tim.c.obj
                0x0800102a                HAL_TIM_PeriodElapsedCallback
 .text.HAL_TIM_OC_DelayElapsedCallback
                0x0800102c        0x2 CMakeFiles/bb.elf.dir/Drivers/STM32F1xx_HAL_Driver/Src/stm32f1xx_hal_tim.c.obj
                0x0800102c                HAL_TIM_OC_DelayElapsedCallback
 .text.HAL_TIM_IC_CaptureCallback
                0x0800102e        0x2 CMakeFiles/bb.elf.dir/Drivers/STM32F1xx_HAL_Driver/Src/stm32f1xx_hal_tim.c.obj
                0x0800102e                HAL_TIM_IC_CaptureCallback
 .text.HAL_TIM_PWM_PulseFinishedCallback
                0x08001030        0x2 CMakeFiles/bb.elf.dir/Drivers/STM32F1xx_HAL_Driver/Src/stm32f1xx_hal_tim.c.obj
                0x08001030                HAL_TIM_PWM_PulseFinishedCallback
 .text.HAL_TIM_TriggerCallback
                0x08001032        0x2 CMakeFiles/bb.elf.dir/Drivers/STM32F1xx_HAL_Driver/Src/stm32f1xx_hal_tim.c.obj
                0x08001032                HAL_TIM_TriggerCallback
 .text.HAL_TIM_IRQHandler
                0x08001034      0x15e CMakeFiles/bb.elf.dir/Drivers/STM32F1xx_HAL_Driver/Src/stm32f1xx_hal_tim.c.obj
                0x08001034                HAL_TIM_IRQHandler
 *fill*         0x08001192        0x2 
 .text.TIM_Base_SetConfig
                0x08001194       0x84 CMakeFiles/bb.elf.dir/Drivers/STM32F1xx_HAL_Driver/Src/stm32f1xx_hal_tim.c.obj
                0x08001194                TIM_Base_SetConfig
 .text.HAL_TIM_Base_Init
                0x08001218       0x58 CMakeFiles/bb.elf.dir/Drivers/STM32F1xx_HAL_Driver/Src/stm32f1xx_hal_tim.c.obj
                0x08001218                HAL_TIM_Base_Init
 .text.TIM_ETR_SetConfig
                0x08001270       0x18 CMakeFiles/bb.elf.dir/Drivers/STM32F1xx_HAL_Driver/Src/stm32f1xx_hal_tim.c.obj
                0x08001270                TIM_ETR_SetConfig
 .text.HAL_TIM_ConfigClockSource
                0x08001288       0xfe CMakeFiles/bb.elf.dir/Drivers/STM32F1xx_HAL_Driver/Src/stm32f1xx_hal_tim.c.obj
                0x08001288                HAL_TIM_ConfigClockSource
 *fill*         0x08001386        0x2 
 .text.HAL_TIMEx_MasterConfigSynchronization
                0x08001388       0x6c CMakeFiles/bb.elf.dir/Drivers/STM32F1xx_HAL_Driver/Src/stm32f1xx_hal_tim_ex.c.obj
                0x08001388                HAL_TIMEx_MasterConfigSynchronization
 .text.HAL_TIMEx_CommutCallback
                0x080013f4        0x2 CMakeFiles/bb.elf.dir/Drivers/STM32F1xx_HAL_Driver/Src/stm32f1xx_hal_tim_ex.c.obj
                0x080013f4                HAL_TIMEx_CommutCallback
 .text.HAL_TIMEx_BreakCallback
                0x080013f6        0x2 CMakeFiles/bb.elf.dir/Drivers/STM32F1xx_HAL_Driver/Src/stm32f1xx_hal_tim_ex.c.obj
                0x080013f6                HAL_TIMEx_BreakCallback
 .text.__libc_init_array
                0x080013f8       0x48 c:/users/a/desktop/a/stm32c~1.0/clion_~1/102021~1.10/bin/../lib/gcc/arm-none-eabi/10.3.1/../../../../arm-none-eabi/lib/thumb/v7-m/nofp\libg.a(lib_a-init.o)
                0x080013f8                __libc_init_array
 .text.memset   0x08001440       0xa4 c:/users/a/desktop/a/stm32c~1.0/clion_~1/102021~1.10/bin/../lib/gcc/arm-none-eabi/10.3.1/../../../../arm-none-eabi/lib/thumb/v7-m/nofp\libg.a(lib_a-memset.o)
                0x08001440                memset
 *(.glue_7)
 .glue_7        0x080014e4        0x0 linker stubs
 *(.glue_7t)
 .glue_7t       0x080014e4        0x0 linker stubs
 *(.eh_frame)
 *(.init)
 .init          0x080014e4        0x4 c:/users/a/desktop/a/stm32c~1.0/clion_~1/102021~1.10/bin/../lib/gcc/arm-none-eabi/10.3.1/thumb/v7-m/nofp/crti.o
                0x080014e4                _init
 .init          0x080014e8        0x8 c:/users/a/desktop/a/stm32c~1.0/clion_~1/102021~1.10/bin/../lib/gcc/arm-none-eabi/10.3.1/thumb/v7-m/nofp/crtn.o
 *(.fini)
 .fini          0x080014f0        0x4 c:/users/a/desktop/a/stm32c~1.0/clion_~1/102021~1.10/bin/../lib/gcc/arm-none-eabi/10.3.1/thumb/v7-m/nofp/crti.o
                0x080014f0                _fini
 .fini          0x080014f4        0x8 c:/users/a/desktop/a/stm32c~1.0/clion_~1/102021~1.10/bin/../lib/gcc/arm-none-eabi/10.3.1/thumb/v7-m/nofp/crtn.o
                0x080014fc                . = ALIGN (0x4)
                0x080014fc                _etext = .

.vfp11_veneer   0x080014fc        0x0
 .vfp11_veneer  0x080014fc        0x0 linker stubs

.v4_bx          0x080014fc        0x0
 .v4_bx         0x080014fc        0x0 linker stubs

.iplt           0x080014fc        0x0
 .iplt          0x080014fc        0x0 CMakeFiles/bb.elf.dir/Core/Src/gpio.c.obj

.rodata         0x080014fc       0x24
                0x080014fc                . = ALIGN (0x4)
 *(.rodata)
 *(.rodata*)
 .rodata.AHBPrescTable
                0x080014fc       0x10 CMakeFiles/bb.elf.dir/Core/Src/system_stm32f1xx.c.obj
                0x080014fc                AHBPrescTable
 .rodata.aPLLMULFactorTable.1
                0x0800150c       0x10 CMakeFiles/bb.elf.dir/Drivers/STM32F1xx_HAL_Driver/Src/stm32f1xx_hal_rcc.c.obj
 .rodata.aPredivFactorTable.0
                0x0800151c        0x2 CMakeFiles/bb.elf.dir/Drivers/STM32F1xx_HAL_Driver/Src/stm32f1xx_hal_rcc.c.obj
                0x08001520                . = ALIGN (0x4)
 *fill*         0x0800151e        0x2 
                0x08001520                _sidata = LOADADDR (.data)

.rel.dyn        0x08001520        0x0
 .rel.iplt      0x08001520        0x0 CMakeFiles/bb.elf.dir/Core/Src/gpio.c.obj

.data           0x20000000        0xc load address 0x08001520
                0x20000000                . = ALIGN (0x4)
                0x20000000                _sdata = .
 *(.data)
 *(.data*)
 .data.SystemCoreClock
                0x20000000        0x4 CMakeFiles/bb.elf.dir/Core/Src/system_stm32f1xx.c.obj
                0x20000000                SystemCoreClock
 .data.uwTickFreq
                0x20000004        0x1 CMakeFiles/bb.elf.dir/Drivers/STM32F1xx_HAL_Driver/Src/stm32f1xx_hal.c.obj
                0x20000004                uwTickFreq
 *fill*         0x20000005        0x3 
 .data.uwTickPrio
                0x20000008        0x4 CMakeFiles/bb.elf.dir/Drivers/STM32F1xx_HAL_Driver/Src/stm32f1xx_hal.c.obj
                0x20000008                uwTickPrio
 *(.RamFunc)
 *(.RamFunc*)
                0x2000000c                . = ALIGN (0x4)
                0x2000000c                _edata = .

.igot.plt       0x2000000c        0x0 load address 0x0800152c
 .igot.plt      0x2000000c        0x0 CMakeFiles/bb.elf.dir/Core/Src/gpio.c.obj
                0x2000000c                . = ALIGN (0x4)

.bss            0x20000010       0x70 load address 0x0800152c
                0x20000010                _sbss = .
                0x20000010                __bss_start__ = _sbss
 *(.bss)
 *(.bss*)
 .bss.last_time.0
                0x20000010        0x4 CMakeFiles/bb.elf.dir/Core/Src/main.c.obj
 .bss.htim3     0x20000014       0x48 CMakeFiles/bb.elf.dir/Core/Src/tim.c.obj
                0x20000014                htim3
 .bss.uwTick    0x2000005c        0x4 CMakeFiles/bb.elf.dir/Drivers/STM32F1xx_HAL_Driver/Src/stm32f1xx_hal.c.obj
                0x2000005c                uwTick
 .bss.pFlash    0x20000060       0x20 CMakeFiles/bb.elf.dir/Drivers/STM32F1xx_HAL_Driver/Src/stm32f1xx_hal_flash.c.obj
                0x20000060                pFlash
 *(COMMON)
                0x20000080                . = ALIGN (0x4)
                0x20000080                _ebss = .
                0x20000080                __bss_end__ = _ebss

._user_heap_stack
                0x20000080      0x600 load address 0x0800152c
                0x20000080                . = ALIGN (0x8)
                [!provide]                PROVIDE (end = .)
                0x20000080                PROVIDE (_end = .)
                0x20000280                . = (. + _Min_Heap_Size)
 *fill*         0x20000080      0x200 
                0x20000680                . = (. + _Min_Stack_Size)
 *fill*         0x20000280      0x400 
                0x20000680                . = ALIGN (0x8)

/DISCARD/
 libc.a(*)
 libm.a(*)
 libgcc.a(*)

.ARM.attributes
                0x00000000       0x29
 *(.ARM.attributes)
 .ARM.attributes
                0x00000000       0x1d c:/users/a/desktop/a/stm32c~1.0/clion_~1/102021~1.10/bin/../lib/gcc/arm-none-eabi/10.3.1/thumb/v7-m/nofp/crti.o
 .ARM.attributes
                0x0000001d       0x2d CMakeFiles/bb.elf.dir/Core/Src/gpio.c.obj
 .ARM.attributes
                0x0000004a       0x2d CMakeFiles/bb.elf.dir/Core/Src/main.c.obj
 .ARM.attributes
                0x00000077       0x2d CMakeFiles/bb.elf.dir/Core/Src/stm32f1xx_hal_msp.c.obj
 .ARM.attributes
                0x000000a4       0x2d CMakeFiles/bb.elf.dir/Core/Src/stm32f1xx_it.c.obj
 .ARM.attributes
                0x000000d1       0x2d CMakeFiles/bb.elf.dir/Core/Src/system_stm32f1xx.c.obj
 .ARM.attributes
                0x000000fe       0x2d CMakeFiles/bb.elf.dir/Core/Src/tim.c.obj
 .ARM.attributes
                0x0000012b       0x21 CMakeFiles/bb.elf.dir/Core/Startup/startup_stm32f103c8tx.s.obj
 .ARM.attributes
                0x0000014c       0x2d CMakeFiles/bb.elf.dir/Drivers/STM32F1xx_HAL_Driver/Src/stm32f1xx_hal.c.obj
 .ARM.attributes
                0x00000179       0x2d CMakeFiles/bb.elf.dir/Drivers/STM32F1xx_HAL_Driver/Src/stm32f1xx_hal_cortex.c.obj
 .ARM.attributes
                0x000001a6       0x2d CMakeFiles/bb.elf.dir/Drivers/STM32F1xx_HAL_Driver/Src/stm32f1xx_hal_flash.c.obj
 .ARM.attributes
                0x000001d3       0x2d CMakeFiles/bb.elf.dir/Drivers/STM32F1xx_HAL_Driver/Src/stm32f1xx_hal_flash_ex.c.obj
 .ARM.attributes
                0x00000200       0x2d CMakeFiles/bb.elf.dir/Drivers/STM32F1xx_HAL_Driver/Src/stm32f1xx_hal_gpio.c.obj
 .ARM.attributes
                0x0000022d       0x2d CMakeFiles/bb.elf.dir/Drivers/STM32F1xx_HAL_Driver/Src/stm32f1xx_hal_rcc.c.obj
 .ARM.attributes
                0x0000025a       0x2d CMakeFiles/bb.elf.dir/Drivers/STM32F1xx_HAL_Driver/Src/stm32f1xx_hal_tim.c.obj
 .ARM.attributes
                0x00000287       0x2d CMakeFiles/bb.elf.dir/Drivers/STM32F1xx_HAL_Driver/Src/stm32f1xx_hal_tim_ex.c.obj
 .ARM.attributes
                0x000002b4       0x2d c:/users/a/desktop/a/stm32c~1.0/clion_~1/102021~1.10/bin/../lib/gcc/arm-none-eabi/10.3.1/../../../../arm-none-eabi/lib/thumb/v7-m/nofp\libg.a(lib_a-init.o)
 .ARM.attributes
                0x000002e1       0x2d c:/users/a/desktop/a/stm32c~1.0/clion_~1/102021~1.10/bin/../lib/gcc/arm-none-eabi/10.3.1/../../../../arm-none-eabi/lib/thumb/v7-m/nofp\libg.a(lib_a-memset.o)
 .ARM.attributes
                0x0000030e       0x1d c:/users/a/desktop/a/stm32c~1.0/clion_~1/102021~1.10/bin/../lib/gcc/arm-none-eabi/10.3.1/thumb/v7-m/nofp/crtn.o
OUTPUT(bb.elf elf32-littlearm)
LOAD linker stubs
LOAD c:/users/a/desktop/a/stm32c~1.0/clion_~1/102021~1.10/bin/../lib/gcc/arm-none-eabi/10.3.1/../../../../arm-none-eabi/lib/thumb/v7-m/nofp\libc.a
LOAD c:/users/a/desktop/a/stm32c~1.0/clion_~1/102021~1.10/bin/../lib/gcc/arm-none-eabi/10.3.1/../../../../arm-none-eabi/lib/thumb/v7-m/nofp\libm.a
LOAD c:/users/a/desktop/a/stm32c~1.0/clion_~1/102021~1.10/bin/../lib/gcc/arm-none-eabi/10.3.1/thumb/v7-m/nofp\libgcc.a

.debug_info     0x00000000     0xb0ab
 .debug_info    0x00000000      0x4a6 CMakeFiles/bb.elf.dir/Core/Src/gpio.c.obj
 .debug_info    0x000004a6      0x43c CMakeFiles/bb.elf.dir/Core/Src/main.c.obj
 .debug_info    0x000008e2      0x3d6 CMakeFiles/bb.elf.dir/Core/Src/stm32f1xx_hal_msp.c.obj
 .debug_info    0x00000cb8      0x788 CMakeFiles/bb.elf.dir/Core/Src/stm32f1xx_it.c.obj
 .debug_info    0x00001440      0x248 CMakeFiles/bb.elf.dir/Core/Src/system_stm32f1xx.c.obj
 .debug_info    0x00001688      0xa5c CMakeFiles/bb.elf.dir/Core/Src/tim.c.obj
 .debug_info    0x000020e4       0x22 CMakeFiles/bb.elf.dir/Core/Startup/startup_stm32f103c8tx.s.obj
 .debug_info    0x00002106      0x7a8 CMakeFiles/bb.elf.dir/Drivers/STM32F1xx_HAL_Driver/Src/stm32f1xx_hal.c.obj
 .debug_info    0x000028ae      0xd8a CMakeFiles/bb.elf.dir/Drivers/STM32F1xx_HAL_Driver/Src/stm32f1xx_hal_cortex.c.obj
 .debug_info    0x00003638      0x698 CMakeFiles/bb.elf.dir/Drivers/STM32F1xx_HAL_Driver/Src/stm32f1xx_hal_flash.c.obj
 .debug_info    0x00003cd0      0xafa CMakeFiles/bb.elf.dir/Drivers/STM32F1xx_HAL_Driver/Src/stm32f1xx_hal_flash_ex.c.obj
 .debug_info    0x000047ca      0x66f CMakeFiles/bb.elf.dir/Drivers/STM32F1xx_HAL_Driver/Src/stm32f1xx_hal_gpio.c.obj
 .debug_info    0x00004e39      0xa3b CMakeFiles/bb.elf.dir/Drivers/STM32F1xx_HAL_Driver/Src/stm32f1xx_hal_rcc.c.obj
 .debug_info    0x00005874     0x3d7c CMakeFiles/bb.elf.dir/Drivers/STM32F1xx_HAL_Driver/Src/stm32f1xx_hal_tim.c.obj
 .debug_info    0x000095f0     0x1abb CMakeFiles/bb.elf.dir/Drivers/STM32F1xx_HAL_Driver/Src/stm32f1xx_hal_tim_ex.c.obj

.debug_abbrev   0x00000000     0x1bb3
 .debug_abbrev  0x00000000      0x158 CMakeFiles/bb.elf.dir/Core/Src/gpio.c.obj
 .debug_abbrev  0x00000158      0x1cd CMakeFiles/bb.elf.dir/Core/Src/main.c.obj
 .debug_abbrev  0x00000325      0x13a CMakeFiles/bb.elf.dir/Core/Src/stm32f1xx_hal_msp.c.obj
 .debug_abbrev  0x0000045f      0x1a3 CMakeFiles/bb.elf.dir/Core/Src/stm32f1xx_it.c.obj
 .debug_abbrev  0x00000602      0x13e CMakeFiles/bb.elf.dir/Core/Src/system_stm32f1xx.c.obj
 .debug_abbrev  0x00000740      0x1de CMakeFiles/bb.elf.dir/Core/Src/tim.c.obj
 .debug_abbrev  0x0000091e       0x12 CMakeFiles/bb.elf.dir/Core/Startup/startup_stm32f103c8tx.s.obj
 .debug_abbrev  0x00000930      0x1f4 CMakeFiles/bb.elf.dir/Drivers/STM32F1xx_HAL_Driver/Src/stm32f1xx_hal.c.obj
 .debug_abbrev  0x00000b24      0x341 CMakeFiles/bb.elf.dir/Drivers/STM32F1xx_HAL_Driver/Src/stm32f1xx_hal_cortex.c.obj
 .debug_abbrev  0x00000e65      0x22d CMakeFiles/bb.elf.dir/Drivers/STM32F1xx_HAL_Driver/Src/stm32f1xx_hal_flash.c.obj
 .debug_abbrev  0x00001092      0x234 CMakeFiles/bb.elf.dir/Drivers/STM32F1xx_HAL_Driver/Src/stm32f1xx_hal_flash_ex.c.obj
 .debug_abbrev  0x000012c6      0x1e6 CMakeFiles/bb.elf.dir/Drivers/STM32F1xx_HAL_Driver/Src/stm32f1xx_hal_gpio.c.obj
 .debug_abbrev  0x000014ac      0x27a CMakeFiles/bb.elf.dir/Drivers/STM32F1xx_HAL_Driver/Src/stm32f1xx_hal_rcc.c.obj
 .debug_abbrev  0x00001726      0x245 CMakeFiles/bb.elf.dir/Drivers/STM32F1xx_HAL_Driver/Src/stm32f1xx_hal_tim.c.obj
 .debug_abbrev  0x0000196b      0x248 CMakeFiles/bb.elf.dir/Drivers/STM32F1xx_HAL_Driver/Src/stm32f1xx_hal_tim_ex.c.obj

.debug_aranges  0x00000000      0xa28
 .debug_aranges
                0x00000000       0x20 CMakeFiles/bb.elf.dir/Core/Src/gpio.c.obj
 .debug_aranges
                0x00000020       0x38 CMakeFiles/bb.elf.dir/Core/Src/main.c.obj
 .debug_aranges
                0x00000058       0x20 CMakeFiles/bb.elf.dir/Core/Src/stm32f1xx_hal_msp.c.obj
 .debug_aranges
                0x00000078       0x80 CMakeFiles/bb.elf.dir/Core/Src/stm32f1xx_it.c.obj
 .debug_aranges
                0x000000f8       0x28 CMakeFiles/bb.elf.dir/Core/Src/system_stm32f1xx.c.obj
 .debug_aranges
                0x00000120       0x30 CMakeFiles/bb.elf.dir/Core/Src/tim.c.obj
 .debug_aranges
                0x00000150       0x28 CMakeFiles/bb.elf.dir/Core/Startup/startup_stm32f103c8tx.s.obj
 .debug_aranges
                0x00000178       0xe0 CMakeFiles/bb.elf.dir/Drivers/STM32F1xx_HAL_Driver/Src/stm32f1xx_hal.c.obj
 .debug_aranges
                0x00000258       0x90 CMakeFiles/bb.elf.dir/Drivers/STM32F1xx_HAL_Driver/Src/stm32f1xx_hal_cortex.c.obj
 .debug_aranges
                0x000002e8       0x88 CMakeFiles/bb.elf.dir/Drivers/STM32F1xx_HAL_Driver/Src/stm32f1xx_hal_flash.c.obj
 .debug_aranges
                0x00000370       0x98 CMakeFiles/bb.elf.dir/Drivers/STM32F1xx_HAL_Driver/Src/stm32f1xx_hal_flash_ex.c.obj
 .debug_aranges
                0x00000408       0x58 CMakeFiles/bb.elf.dir/Drivers/STM32F1xx_HAL_Driver/Src/stm32f1xx_hal_gpio.c.obj
 .debug_aranges
                0x00000460       0x90 CMakeFiles/bb.elf.dir/Drivers/STM32F1xx_HAL_Driver/Src/stm32f1xx_hal_rcc.c.obj
 .debug_aranges
                0x000004f0      0x3d0 CMakeFiles/bb.elf.dir/Drivers/STM32F1xx_HAL_Driver/Src/stm32f1xx_hal_tim.c.obj
 .debug_aranges
                0x000008c0      0x168 CMakeFiles/bb.elf.dir/Drivers/STM32F1xx_HAL_Driver/Src/stm32f1xx_hal_tim_ex.c.obj

.debug_ranges   0x00000000      0x9c0
 .debug_ranges  0x00000000       0x10 CMakeFiles/bb.elf.dir/Core/Src/gpio.c.obj
 .debug_ranges  0x00000010       0x28 CMakeFiles/bb.elf.dir/Core/Src/main.c.obj
 .debug_ranges  0x00000038       0x10 CMakeFiles/bb.elf.dir/Core/Src/stm32f1xx_hal_msp.c.obj
 .debug_ranges  0x00000048       0x70 CMakeFiles/bb.elf.dir/Core/Src/stm32f1xx_it.c.obj
 .debug_ranges  0x000000b8       0x18 CMakeFiles/bb.elf.dir/Core/Src/system_stm32f1xx.c.obj
 .debug_ranges  0x000000d0       0x20 CMakeFiles/bb.elf.dir/Core/Src/tim.c.obj
 .debug_ranges  0x000000f0       0x20 CMakeFiles/bb.elf.dir/Core/Startup/startup_stm32f103c8tx.s.obj
 .debug_ranges  0x00000110       0xd0 CMakeFiles/bb.elf.dir/Drivers/STM32F1xx_HAL_Driver/Src/stm32f1xx_hal.c.obj
 .debug_ranges  0x000001e0       0xe0 CMakeFiles/bb.elf.dir/Drivers/STM32F1xx_HAL_Driver/Src/stm32f1xx_hal_cortex.c.obj
 .debug_ranges  0x000002c0       0x78 CMakeFiles/bb.elf.dir/Drivers/STM32F1xx_HAL_Driver/Src/stm32f1xx_hal_flash.c.obj
 .debug_ranges  0x00000338       0x88 CMakeFiles/bb.elf.dir/Drivers/STM32F1xx_HAL_Driver/Src/stm32f1xx_hal_flash_ex.c.obj
 .debug_ranges  0x000003c0       0x48 CMakeFiles/bb.elf.dir/Drivers/STM32F1xx_HAL_Driver/Src/stm32f1xx_hal_gpio.c.obj
 .debug_ranges  0x00000408       0xa0 CMakeFiles/bb.elf.dir/Drivers/STM32F1xx_HAL_Driver/Src/stm32f1xx_hal_rcc.c.obj
 .debug_ranges  0x000004a8      0x3c0 CMakeFiles/bb.elf.dir/Drivers/STM32F1xx_HAL_Driver/Src/stm32f1xx_hal_tim.c.obj
 .debug_ranges  0x00000868      0x158 CMakeFiles/bb.elf.dir/Drivers/STM32F1xx_HAL_Driver/Src/stm32f1xx_hal_tim_ex.c.obj

.debug_line     0x00000000     0xab02
 .debug_line    0x00000000      0x288 CMakeFiles/bb.elf.dir/Core/Src/gpio.c.obj
 .debug_line    0x00000288      0x44f CMakeFiles/bb.elf.dir/Core/Src/main.c.obj
 .debug_line    0x000006d7      0x23c CMakeFiles/bb.elf.dir/Core/Src/stm32f1xx_hal_msp.c.obj
 .debug_line    0x00000913      0x3e4 CMakeFiles/bb.elf.dir/Core/Src/stm32f1xx_it.c.obj
 .debug_line    0x00000cf7      0x294 CMakeFiles/bb.elf.dir/Core/Src/system_stm32f1xx.c.obj
 .debug_line    0x00000f8b      0x3a8 CMakeFiles/bb.elf.dir/Core/Src/tim.c.obj
 .debug_line    0x00001333       0xb6 CMakeFiles/bb.elf.dir/Core/Startup/startup_stm32f103c8tx.s.obj
 .debug_line    0x000013e9      0x5e2 CMakeFiles/bb.elf.dir/Drivers/STM32F1xx_HAL_Driver/Src/stm32f1xx_hal.c.obj
 .debug_line    0x000019cb      0x6ba CMakeFiles/bb.elf.dir/Drivers/STM32F1xx_HAL_Driver/Src/stm32f1xx_hal_cortex.c.obj
 .debug_line    0x00002085      0x7c3 CMakeFiles/bb.elf.dir/Drivers/STM32F1xx_HAL_Driver/Src/stm32f1xx_hal_flash.c.obj
 .debug_line    0x00002848      0x980 CMakeFiles/bb.elf.dir/Drivers/STM32F1xx_HAL_Driver/Src/stm32f1xx_hal_flash_ex.c.obj
 .debug_line    0x000031c8      0x662 CMakeFiles/bb.elf.dir/Drivers/STM32F1xx_HAL_Driver/Src/stm32f1xx_hal_gpio.c.obj
 .debug_line    0x0000382a      0xc9f CMakeFiles/bb.elf.dir/Drivers/STM32F1xx_HAL_Driver/Src/stm32f1xx_hal_rcc.c.obj
 .debug_line    0x000044c9     0x49ed CMakeFiles/bb.elf.dir/Drivers/STM32F1xx_HAL_Driver/Src/stm32f1xx_hal_tim.c.obj
 .debug_line    0x00008eb6     0x1c4c CMakeFiles/bb.elf.dir/Drivers/STM32F1xx_HAL_Driver/Src/stm32f1xx_hal_tim_ex.c.obj

.debug_str      0x00000000     0x348e
 .debug_str     0x00000000      0x58d CMakeFiles/bb.elf.dir/Core/Src/gpio.c.obj
                                0x5d8 (size before relaxing)
 .debug_str     0x0000058d      0x250 CMakeFiles/bb.elf.dir/Core/Src/main.c.obj
                                0x43c (size before relaxing)
 .debug_str     0x000007dd       0x8a CMakeFiles/bb.elf.dir/Core/Src/stm32f1xx_hal_msp.c.obj
                                0x57a (size before relaxing)
 .debug_str     0x00000867      0x59d CMakeFiles/bb.elf.dir/Core/Src/stm32f1xx_it.c.obj
                                0x7e4 (size before relaxing)
 .debug_str     0x00000e04       0xb8 CMakeFiles/bb.elf.dir/Core/Src/system_stm32f1xx.c.obj
                                0x2b2 (size before relaxing)
 .debug_str     0x00000ebc      0x180 CMakeFiles/bb.elf.dir/Core/Src/tim.c.obj
                                0xb77 (size before relaxing)
 .debug_str     0x0000103c       0x66 CMakeFiles/bb.elf.dir/Core/Startup/startup_stm32f103c8tx.s.obj
                                 0xab (size before relaxing)
 .debug_str     0x000010a2      0x332 CMakeFiles/bb.elf.dir/Drivers/STM32F1xx_HAL_Driver/Src/stm32f1xx_hal.c.obj
                                0x882 (size before relaxing)
 .debug_str     0x000013d4      0x3ce CMakeFiles/bb.elf.dir/Drivers/STM32F1xx_HAL_Driver/Src/stm32f1xx_hal_cortex.c.obj
                                0x931 (size before relaxing)
 .debug_str     0x000017a2      0x2bf CMakeFiles/bb.elf.dir/Drivers/STM32F1xx_HAL_Driver/Src/stm32f1xx_hal_flash.c.obj
                                0x58d (size before relaxing)
 .debug_str     0x00001a61      0x2f3 CMakeFiles/bb.elf.dir/Drivers/STM32F1xx_HAL_Driver/Src/stm32f1xx_hal_flash_ex.c.obj
                                0x6a3 (size before relaxing)
 .debug_str     0x00001d54      0x10e CMakeFiles/bb.elf.dir/Drivers/STM32F1xx_HAL_Driver/Src/stm32f1xx_hal_gpio.c.obj
                                0x45e (size before relaxing)
 .debug_str     0x00001e62      0x224 CMakeFiles/bb.elf.dir/Drivers/STM32F1xx_HAL_Driver/Src/stm32f1xx_hal_rcc.c.obj
                                0x689 (size before relaxing)
 .debug_str     0x00002086      0xeb4 CMakeFiles/bb.elf.dir/Drivers/STM32F1xx_HAL_Driver/Src/stm32f1xx_hal_tim.c.obj
                               0x16ad (size before relaxing)
 .debug_str     0x00002f3a      0x554 CMakeFiles/bb.elf.dir/Drivers/STM32F1xx_HAL_Driver/Src/stm32f1xx_hal_tim_ex.c.obj
                                0xe9e (size before relaxing)

.comment        0x00000000       0x49
 .comment       0x00000000       0x49 CMakeFiles/bb.elf.dir/Core/Src/gpio.c.obj
                                 0x4a (size before relaxing)
 .comment       0x00000049       0x4a CMakeFiles/bb.elf.dir/Core/Src/main.c.obj
 .comment       0x00000049       0x4a CMakeFiles/bb.elf.dir/Core/Src/stm32f1xx_hal_msp.c.obj
 .comment       0x00000049       0x4a CMakeFiles/bb.elf.dir/Core/Src/stm32f1xx_it.c.obj
 .comment       0x00000049       0x4a CMakeFiles/bb.elf.dir/Core/Src/system_stm32f1xx.c.obj
 .comment       0x00000049       0x4a CMakeFiles/bb.elf.dir/Core/Src/tim.c.obj
 .comment       0x00000049       0x4a CMakeFiles/bb.elf.dir/Drivers/STM32F1xx_HAL_Driver/Src/stm32f1xx_hal.c.obj
 .comment       0x00000049       0x4a CMakeFiles/bb.elf.dir/Drivers/STM32F1xx_HAL_Driver/Src/stm32f1xx_hal_cortex.c.obj
 .comment       0x00000049       0x4a CMakeFiles/bb.elf.dir/Drivers/STM32F1xx_HAL_Driver/Src/stm32f1xx_hal_flash.c.obj
 .comment       0x00000049       0x4a CMakeFiles/bb.elf.dir/Drivers/STM32F1xx_HAL_Driver/Src/stm32f1xx_hal_flash_ex.c.obj
 .comment       0x00000049       0x4a CMakeFiles/bb.elf.dir/Drivers/STM32F1xx_HAL_Driver/Src/stm32f1xx_hal_gpio.c.obj
 .comment       0x00000049       0x4a CMakeFiles/bb.elf.dir/Drivers/STM32F1xx_HAL_Driver/Src/stm32f1xx_hal_rcc.c.obj
 .comment       0x00000049       0x4a CMakeFiles/bb.elf.dir/Drivers/STM32F1xx_HAL_Driver/Src/stm32f1xx_hal_tim.c.obj
 .comment       0x00000049       0x4a CMakeFiles/bb.elf.dir/Drivers/STM32F1xx_HAL_Driver/Src/stm32f1xx_hal_tim_ex.c.obj

.debug_frame    0x00000000     0x19fc
 .debug_frame   0x00000000       0x34 CMakeFiles/bb.elf.dir/Core/Src/gpio.c.obj
 .debug_frame   0x00000034       0x74 CMakeFiles/bb.elf.dir/Core/Src/main.c.obj
 .debug_frame   0x000000a8       0x2c CMakeFiles/bb.elf.dir/Core/Src/stm32f1xx_hal_msp.c.obj
 .debug_frame   0x000000d4      0x100 CMakeFiles/bb.elf.dir/Core/Src/stm32f1xx_it.c.obj
 .debug_frame   0x000001d4       0x30 CMakeFiles/bb.elf.dir/Core/Src/system_stm32f1xx.c.obj
 .debug_frame   0x00000204       0x64 CMakeFiles/bb.elf.dir/Core/Src/tim.c.obj
 .debug_frame   0x00000268      0x1cc CMakeFiles/bb.elf.dir/Drivers/STM32F1xx_HAL_Driver/Src/stm32f1xx_hal.c.obj
 .debug_frame   0x00000434      0x118 CMakeFiles/bb.elf.dir/Drivers/STM32F1xx_HAL_Driver/Src/stm32f1xx_hal_cortex.c.obj
 .debug_frame   0x0000054c      0x134 CMakeFiles/bb.elf.dir/Drivers/STM32F1xx_HAL_Driver/Src/stm32f1xx_hal_flash.c.obj
 .debug_frame   0x00000680      0x194 CMakeFiles/bb.elf.dir/Drivers/STM32F1xx_HAL_Driver/Src/stm32f1xx_hal_flash_ex.c.obj
 .debug_frame   0x00000814       0xe4 CMakeFiles/bb.elf.dir/Drivers/STM32F1xx_HAL_Driver/Src/stm32f1xx_hal_gpio.c.obj
 .debug_frame   0x000008f8      0x184 CMakeFiles/bb.elf.dir/Drivers/STM32F1xx_HAL_Driver/Src/stm32f1xx_hal_rcc.c.obj
 .debug_frame   0x00000a7c      0xb1c CMakeFiles/bb.elf.dir/Drivers/STM32F1xx_HAL_Driver/Src/stm32f1xx_hal_tim.c.obj
 .debug_frame   0x00001598      0x40c CMakeFiles/bb.elf.dir/Drivers/STM32F1xx_HAL_Driver/Src/stm32f1xx_hal_tim_ex.c.obj
 .debug_frame   0x000019a4       0x2c c:/users/a/desktop/a/stm32c~1.0/clion_~1/102021~1.10/bin/../lib/gcc/arm-none-eabi/10.3.1/../../../../arm-none-eabi/lib/thumb/v7-m/nofp\libg.a(lib_a-init.o)
 .debug_frame   0x000019d0       0x2c c:/users/a/desktop/a/stm32c~1.0/clion_~1/102021~1.10/bin/../lib/gcc/arm-none-eabi/10.3.1/../../../../arm-none-eabi/lib/thumb/v7-m/nofp\libg.a(lib_a-memset.o)

.debug_loc      0x00000000     0x8e6d
 .debug_loc     0x00000000       0x61 CMakeFiles/bb.elf.dir/Core/Src/main.c.obj
 .debug_loc     0x00000061       0x15 CMakeFiles/bb.elf.dir/Core/Src/stm32f1xx_hal_msp.c.obj
 .debug_loc     0x00000076       0xff CMakeFiles/bb.elf.dir/Core/Src/system_stm32f1xx.c.obj
 .debug_loc     0x00000175       0x67 CMakeFiles/bb.elf.dir/Core/Src/tim.c.obj
 .debug_loc     0x000001dc      0x141 CMakeFiles/bb.elf.dir/Drivers/STM32F1xx_HAL_Driver/Src/stm32f1xx_hal.c.obj
 .debug_loc     0x0000031d      0x71f CMakeFiles/bb.elf.dir/Drivers/STM32F1xx_HAL_Driver/Src/stm32f1xx_hal_cortex.c.obj
 .debug_loc     0x00000a3c      0x366 CMakeFiles/bb.elf.dir/Drivers/STM32F1xx_HAL_Driver/Src/stm32f1xx_hal_flash.c.obj
 .debug_loc     0x00000da2      0x87f CMakeFiles/bb.elf.dir/Drivers/STM32F1xx_HAL_Driver/Src/stm32f1xx_hal_flash_ex.c.obj
 .debug_loc     0x00001621      0x47d CMakeFiles/bb.elf.dir/Drivers/STM32F1xx_HAL_Driver/Src/stm32f1xx_hal_gpio.c.obj
 .debug_loc     0x00001a9e      0x618 CMakeFiles/bb.elf.dir/Drivers/STM32F1xx_HAL_Driver/Src/stm32f1xx_hal_rcc.c.obj
 .debug_loc     0x000020b6     0x5124 CMakeFiles/bb.elf.dir/Drivers/STM32F1xx_HAL_Driver/Src/stm32f1xx_hal_tim.c.obj
 .debug_loc     0x000071da     0x1c93 CMakeFiles/bb.elf.dir/Drivers/STM32F1xx_HAL_Driver/Src/stm32f1xx_hal_tim_ex.c.obj
